// Jest Snapshot v1, https://goo.gl/fbAQLP

exports[`Multi mounts 1`] = `ShallowWrapper {}`;
