// Jest Snapshot v1, https://goo.gl/fbAQLP

exports[`Single mounts 1`] = `ShallowWrapper {}`;
